LTspice 26.0.2 for Windows
Circuit: E:\EEE1102_OEL Project\OELSim1102_00725205131037_h.net
Start Time: Thu Oct  1 14:03:27 2026
solver = Normal
Maximum thread count: 12
tnom = 27
temp = 27
method = trap
Direct Newton iteration succeeded in finding operating point.
Direct Newton iteration succeeded in finding operating point.
Direct Newton iteration succeeded in finding operating point.
Direct Newton iteration succeeded in finding operating point.
Direct Newton iteration succeeded in finding operating point.
Direct Newton iteration succeeded in finding operating point.
Direct Newton iteration succeeded in finding operating point.
Direct Newton iteration succeeded in finding operating point.
Direct Newton iteration succeeded in finding operating point.
Direct Newton iteration succeeded in finding operating point.
Direct Newton iteration succeeded in finding operating point.
Direct Newton iteration succeeded in finding operating point.
Direct Newton iteration succeeded in finding operating point.
Direct Newton iteration succeeded in finding operating point.
Direct Newton iteration succeeded in finding operating point.
Direct Newton iteration succeeded in finding operating point.
Direct Newton iteration succeeded in finding operating point.
Direct Newton iteration succeeded in finding operating point.
Direct Newton iteration succeeded in finding operating point.
Direct Newton iteration succeeded in finding operating point.
Direct Newton iteration succeeded in finding operating point.
Direct Newton iteration succeeded in finding operating point.
Direct Newton iteration succeeded in finding operating point.
Direct Newton iteration succeeded in finding operating point.
Direct Newton iteration succeeded in finding operating point.
Direct Newton iteration succeeded in finding operating point.
Direct Newton iteration succeeded in finding operating point.
Direct Newton iteration succeeded in finding operating point.
Direct Newton iteration succeeded in finding operating point.
Direct Newton iteration succeeded in finding operating point.
Direct Newton iteration succeeded in finding operating point.
Direct Newton iteration succeeded in finding operating point.
Direct Newton iteration succeeded in finding operating point.
Direct Newton iteration succeeded in finding operating point.
Direct Newton iteration succeeded in finding operating point.
Direct Newton iteration succeeded in finding operating point.
Direct Newton iteration succeeded in finding operating point.
Direct Newton iteration succeeded in finding operating point.
Direct Newton iteration succeeded in finding operating point.
Direct Newton iteration succeeded in finding operating point.
Direct Newton iteration succeeded in finding operating point.
Direct Newton iteration succeeded in finding operating point.
Direct Newton iteration succeeded in finding operating point.
Direct Newton iteration succeeded in finding operating point.
Direct Newton iteration succeeded in finding operating point.
Direct Newton iteration succeeded in finding operating point.
Direct Newton iteration succeeded in finding operating point.
Direct Newton iteration succeeded in finding operating point.
Direct Newton iteration succeeded in finding operating point.
Direct Newton iteration succeeded in finding operating point.
Direct Newton iteration succeeded in finding operating point.
Direct Newton iteration succeeded in finding operating point.
Direct Newton iteration succeeded in finding operating point.
Direct Newton iteration succeeded in finding operating point.
Direct Newton iteration succeeded in finding operating point.
Direct Newton iteration succeeded in finding operating point.
Direct Newton iteration succeeded in finding operating point.
Direct Newton iteration succeeded in finding operating point.
Direct Newton iteration succeeded in finding operating point.
Direct Newton iteration succeeded in finding operating point.
Direct Newton iteration succeeded in finding operating point.
Direct Newton iteration succeeded in finding operating point.
Direct Newton iteration succeeded in finding operating point.
Direct Newton iteration succeeded in finding operating point.
Direct Newton iteration succeeded in finding operating point.
Direct Newton iteration succeeded in finding operating point.
Direct Newton iteration succeeded in finding operating point.
Direct Newton iteration succeeded in finding operating point.
Direct Newton iteration succeeded in finding operating point.
Direct Newton iteration succeeded in finding operating point.
Direct Newton iteration succeeded in finding operating point.
Direct Newton iteration succeeded in finding operating point.
Direct Newton iteration succeeded in finding operating point.
Direct Newton iteration succeeded in finding operating point.
Direct Newton iteration succeeded in finding operating point.
Direct Newton iteration succeeded in finding operating point.
Direct Newton iteration succeeded in finding operating point.
Direct Newton iteration succeeded in finding operating point.
Direct Newton iteration succeeded in finding operating point.
Direct Newton iteration succeeded in finding operating point.
Direct Newton iteration succeeded in finding operating point.
Direct Newton iteration succeeded in finding operating point.
Direct Newton iteration succeeded in finding operating point.
Direct Newton iteration succeeded in finding operating point.
Direct Newton iteration succeeded in finding operating point.
Direct Newton iteration succeeded in finding operating point.
Direct Newton iteration succeeded in finding operating point.
Direct Newton iteration succeeded in finding operating point.
Direct Newton iteration succeeded in finding operating point.
Direct Newton iteration succeeded in finding operating point.
Direct Newton iteration succeeded in finding operating point.
Direct Newton iteration succeeded in finding operating point.
Direct Newton iteration succeeded in finding operating point.
Direct Newton iteration succeeded in finding operating point.
Direct Newton iteration succeeded in finding operating point.
Direct Newton iteration succeeded in finding operating point.
Direct Newton iteration succeeded in finding operating point.
Direct Newton iteration succeeded in finding operating point.
Direct Newton iteration succeeded in finding operating point.
Total elapsed time: 1.236 seconds.

Files loaded:
E:\EEE1102_OEL Project\OELSim1102_00725205131037_h.net

